Godot Engine v4.7.1.stable.official.a13da4feb - https://godotengine.org

=== Desert Level Regeneration ===
WARNING: res://PlayerCart.tscn:6 - ext_resource, invalid UID: uid://dq2xlrtwb6vl0 - using text path instead: res://sounds/774270__thelittlecrow__rocket-launch-boost-and-burning-version-b.wav
   at: load (scene/resources/resource_format_text.cpp:501)
   GDScript backtrace (most recent call first):
       [0] _ready (res://regenerate_desert.gd:10)
WARNING: res://PlayerCart.tscn:7 - ext_resource, invalid UID: uid://th125s4xka82 - using text path instead: res://sounds/434430__v-ktor__explosion05.wav
   at: load (scene/resources/resource_format_text.cpp:501)
   GDScript backtrace (most recent call first):
       [0] _ready (res://regenerate_desert.gd:10)
WARNING: res://PlayerCart.tscn:9 - ext_resource, invalid UID: uid://dt04vn4rjr6in - using text path instead: res://sounds/467882__samsterbirdies__beep-warning.ogg
   at: load (scene/resources/resource_format_text.cpp:501)
   GDScript backtrace (most recent call first):
       [0] _ready (res://regenerate_desert.gd:10)
WARNING: res://CheckpointGate.tscn:4 - ext_resource, invalid UID: uid://en1x37rpwtgb - using text path instead: res://models/checkpoint_gate.glb
   at: load (scene/resources/resource_format_text.cpp:501)
   GDScript backtrace (most recent call first):
       [0] _ready (res://regenerate_desert.gd:10)
WARNING: res://levels/Level.tscn:10 - ext_resource, invalid UID: uid://be75mhwre5ifx - using text path instead: res://generated/terrain_visual.res
   at: load (scene/resources/resource_format_text.cpp:501)
   GDScript backtrace (most recent call first):
       [0] _ready (res://regenerate_desert.gd:10)
WARNING: res://levels/Level.tscn:12 - ext_resource, invalid UID: uid://c8ef74c67f0r4 - using text path instead: res://generated/terrain_collision_shape.res
   at: load (scene/resources/resource_format_text.cpp:501)
   GDScript backtrace (most recent call first):
       [0] _ready (res://regenerate_desert.gd:10)
WARNING: res://levels/Level.tscn:16 - ext_resource, invalid UID: uid://dqm3hokkjexly - using text path instead: res://generated/Visual_Curbs.res
   at: load (scene/resources/resource_format_text.cpp:501)
   GDScript backtrace (most recent call first):
       [0] _ready (res://regenerate_desert.gd:10)
WARNING: res://levels/Level.tscn:17 - ext_resource, invalid UID: uid://dr0maathryfi7 - using text path instead: res://generated/Visual_Road.res
   at: load (scene/resources/resource_format_text.cpp:501)
   GDScript backtrace (most recent call first):
       [0] _ready (res://regenerate_desert.gd:10)
WARNING: res://levels/Level.tscn:18 - ext_resource, invalid UID: uid://c1spj2aau7e32 - using text path instead: res://generated/Visual_Road_Sides.res
   at: load (scene/resources/resource_format_text.cpp:501)
   GDScript backtrace (most recent call first):
       [0] _ready (res://regenerate_desert.gd:10)
WARNING: res://levels/Level.tscn:19 - ext_resource, invalid UID: uid://doi20lescjnrn - using text path instead: res://generated/Visual_Curbs_Sides.res
   at: load (scene/resources/resource_format_text.cpp:501)
   GDScript backtrace (most recent call first):
       [0] _ready (res://regenerate_desert.gd:10)
WARNING: res://levels/Level.tscn:20 - ext_resource, invalid UID: uid://cm7dnsqw0f36l - using text path instead: res://generated/track_collision_shape.res
   at: load (scene/resources/resource_format_text.cpp:501)
   GDScript backtrace (most recent call first):
       [0] _ready (res://regenerate_desert.gd:10)
ERROR: Cannot open file 'res://generated/grass/chunk_3_1.res'.
   at: load (core/io/resource_format_binary.cpp:1156)
   GDScript backtrace (most recent call first):
       [0] _ready (res://regenerate_desert.gd:10)
ERROR: Failed loading resource: res://generated/grass/chunk_3_1.res.
   at: _load (core/io/resource_loader.cpp:317)
   GDScript backtrace (most recent call first):
       [0] _ready (res://regenerate_desert.gd:10)
ERROR: Cannot open file 'res://generated/grass/chunk_3_2.res'.
   at: load (core/io/resource_format_binary.cpp:1156)
   GDScript backtrace (most recent call first):
       [0] _ready (res://regenerate_desert.gd:10)
ERROR: Failed loading resource: res://generated/grass/chunk_3_2.res.
   at: _load (core/io/resource_loader.cpp:317)
   GDScript backtrace (most recent call first):
       [0] _ready (res://regenerate_desert.gd:10)
ERROR: Cannot open file 'res://generated/grass/chunk_1_3.res'.
   at: load (core/io/resource_format_binary.cpp:1156)
   GDScript backtrace (most recent call first):
       [0] _ready (res://regenerate_desert.gd:10)
ERROR: Failed loading resource: res://generated/grass/chunk_1_3.res.
   at: _load (core/io/resource_loader.cpp:317)
   GDScript backtrace (most recent call first):
       [0] _ready (res://regenerate_desert.gd:10)
ERROR: Cannot open file 'res://generated/grass/chunk_2_3.res'.
   at: load (core/io/resource_format_binary.cpp:1156)
   GDScript backtrace (most recent call first):
       [0] _ready (res://regenerate_desert.gd:10)
ERROR: Failed loading resource: res://generated/grass/chunk_2_3.res.
   at: _load (core/io/resource_loader.cpp:317)
   GDScript backtrace (most recent call first):
       [0] _ready (res://regenerate_desert.gd:10)
ERROR: Cannot open file 'res://generated/grass/chunk_3_3.res'.
   at: load (core/io/resource_format_binary.cpp:1156)
   GDScript backtrace (most recent call first):
       [0] _ready (res://regenerate_desert.gd:10)
ERROR: Failed loading resource: res://generated/grass/chunk_3_3.res.
   at: _load (core/io/resource_loader.cpp:317)
   GDScript backtrace (most recent call first):
       [0] _ready (res://regenerate_desert.gd:10)
ERROR: Cannot open file 'res://generated/grass/chunk_1_4.res'.
   at: load (core/io/resource_format_binary.cpp:1156)
   GDScript backtrace (most recent call first):
       [0] _ready (res://regenerate_desert.gd:10)
ERROR: Failed loading resource: res://generated/grass/chunk_1_4.res.
   at: _load (core/io/resource_loader.cpp:317)
   GDScript backtrace (most recent call first):
       [0] _ready (res://regenerate_desert.gd:10)
ERROR: Cannot open file 'res://generated/grass/chunk_2_4.res'.
   at: load (core/io/resource_format_binary.cpp:1156)
   GDScript backtrace (most recent call first):
       [0] _ready (res://regenerate_desert.gd:10)
ERROR: Failed loading resource: res://generated/grass/chunk_2_4.res.
   at: _load (core/io/resource_loader.cpp:317)
   GDScript backtrace (most recent call first):
       [0] _ready (res://regenerate_desert.gd:10)
ERROR: Cannot open file 'res://generated/grass/chunk_3_4.res'.
   at: load (core/io/resource_format_binary.cpp:1156)
   GDScript backtrace (most recent call first):
       [0] _ready (res://regenerate_desert.gd:10)
ERROR: Failed loading resource: res://generated/grass/chunk_3_4.res.
   at: _load (core/io/resource_loader.cpp:317)
   GDScript backtrace (most recent call first):
       [0] _ready (res://regenerate_desert.gd:10)
ERROR: Cannot open file 'res://generated/grass/chunk_1_5.res'.
   at: load (core/io/resource_format_binary.cpp:1156)
   GDScript backtrace (most recent call first):
       [0] _ready (res://regenerate_desert.gd:10)
ERROR: Failed loading resource: res://generated/grass/chunk_1_5.res.
   at: _load (core/io/resource_loader.cpp:317)
   GDScript backtrace (most recent call first):
       [0] _ready (res://regenerate_desert.gd:10)
ERROR: Cannot open file 'res://generated/grass/chunk_2_5.res'.
   at: load (core/io/resource_format_binary.cpp:1156)
   GDScript backtrace (most recent call first):
       [0] _ready (res://regenerate_desert.gd:10)
ERROR: Failed loading resource: res://generated/grass/chunk_2_5.res.
   at: _load (core/io/resource_loader.cpp:317)
   GDScript backtrace (most recent call first):
       [0] _ready (res://regenerate_desert.gd:10)
ERROR: Cannot open file 'res://generated/grass/chunk_3_5.res'.
   at: load (core/io/resource_format_binary.cpp:1156)
   GDScript backtrace (most recent call first):
       [0] _ready (res://regenerate_desert.gd:10)
ERROR: Failed loading resource: res://generated/grass/chunk_3_5.res.
   at: _load (core/io/resource_loader.cpp:317)
   GDScript backtrace (most recent call first):
       [0] _ready (res://regenerate_desert.gd:10)
ERROR: Cannot open file 'res://generated/grass/chunk_1_6.res'.
   at: load (core/io/resource_format_binary.cpp:1156)
   GDScript backtrace (most recent call first):
       [0] _ready (res://regenerate_desert.gd:10)
ERROR: Failed loading resource: res://generated/grass/chunk_1_6.res.
   at: _load (core/io/resource_loader.cpp:317)
   GDScript backtrace (most recent call first):
       [0] _ready (res://regenerate_desert.gd:10)
ERROR: Cannot open file 'res://generated/grass/chunk_2_6.res'.
   at: load (core/io/resource_format_binary.cpp:1156)
   GDScript backtrace (most recent call first):
       [0] _ready (res://regenerate_desert.gd:10)
ERROR: Failed loading resource: res://generated/grass/chunk_2_6.res.
   at: _load (core/io/resource_loader.cpp:317)
   GDScript backtrace (most recent call first):
       [0] _ready (res://regenerate_desert.gd:10)
ERROR: Cannot open file 'res://generated/grass/chunk_3_6.res'.
   at: load (core/io/resource_format_binary.cpp:1156)
   GDScript backtrace (most recent call first):
       [0] _ready (res://regenerate_desert.gd:10)
ERROR: Failed loading resource: res://generated/grass/chunk_3_6.res.
   at: _load (core/io/resource_loader.cpp:317)
   GDScript backtrace (most recent call first):
       [0] _ready (res://regenerate_desert.gd:10)
ERROR: Cannot open file 'res://generated/grass/chunk_2_7.res'.
   at: load (core/io/resource_format_binary.cpp:1156)
   GDScript backtrace (most recent call first):
       [0] _ready (res://regenerate_desert.gd:10)
ERROR: Failed loading resource: res://generated/grass/chunk_2_7.res.
   at: _load (core/io/resource_loader.cpp:317)
   GDScript backtrace (most recent call first):
       [0] _ready (res://regenerate_desert.gd:10)
ERROR: Cannot open file 'res://generated/grass/chunk_3_7.res'.
   at: load (core/io/resource_format_binary.cpp:1156)
   GDScript backtrace (most recent call first):
       [0] _ready (res://regenerate_desert.gd:10)
ERROR: Failed loading resource: res://generated/grass/chunk_3_7.res.
   at: _load (core/io/resource_loader.cpp:317)
   GDScript backtrace (most recent call first):
       [0] _ready (res://regenerate_desert.gd:10)
ERROR: Cannot open file 'res://generated/grass/chunk_3_8.res'.
   at: load (core/io/resource_format_binary.cpp:1156)
   GDScript backtrace (most recent call first):
       [0] _ready (res://regenerate_desert.gd:10)
ERROR: Failed loading resource: res://generated/grass/chunk_3_8.res.
   at: _load (core/io/resource_loader.cpp:317)
   GDScript backtrace (most recent call first):
       [0] _ready (res://regenerate_desert.gd:10)
ERROR: res://levels/Level.tscn:2068 - Parse Error: [ext_resource] referenced non-existent resource at: res://generated/grass/chunk_3_1.res.
   at: _printerr (scene/resources/resource_format_text.cpp:41)
   GDScript backtrace (most recent call first):
       [0] _ready (res://regenerate_desert.gd:10)
ERROR: res://levels/Level.tscn:2100 - Parse Error: [ext_resource] referenced non-existent resource at: res://generated/grass/chunk_3_2.res.
   at: _printerr (scene/resources/resource_format_text.cpp:41)
   GDScript backtrace (most recent call first):
       [0] _ready (res://regenerate_desert.gd:10)
ERROR: res://levels/Level.tscn:2140 - Parse Error: [ext_resource] referenced non-existent resource at: res://generated/grass/chunk_1_3.res.
   at: _printerr (scene/resources/resource_format_text.cpp:41)
   GDScript backtrace (most recent call first):
       [0] _ready (res://regenerate_desert.gd:10)
ERROR: res://levels/Level.tscn:2148 - Parse Error: [ext_resource] referenced non-existent resource at: res://generated/grass/chunk_2_3.res.
   at: _printerr (scene/resources/resource_format_text.cpp:41)
   GDScript backtrace (most recent call first):
       [0] _ready (res://regenerate_desert.gd:10)
ERROR: res://levels/Level.tscn:2156 - Parse Error: [ext_resource] referenced non-existent resource at: res://generated/grass/chunk_3_3.res.
   at: _printerr (scene/resources/resource_format_text.cpp:41)
   GDScript backtrace (most recent call first):
       [0] _ready (res://regenerate_desert.gd:10)
ERROR: res://levels/Level.tscn:2204 - Parse Error: [ext_resource] referenced non-existent resource at: res://generated/grass/chunk_1_4.res.
   at: _printerr (scene/resources/resource_format_text.cpp:41)
   GDScript backtrace (most recent call first):
       [0] _ready (res://regenerate_desert.gd:10)
ERROR: res://levels/Level.tscn:2212 - Parse Error: [ext_resource] referenced non-existent resource at: res://generated/grass/chunk_2_4.res.
   at: _printerr (scene/resources/resource_format_text.cpp:41)
   GDScript backtrace (most recent call first):
       [0] _ready (res://regenerate_desert.gd:10)
ERROR: res://levels/Level.tscn:2220 - Parse Error: [ext_resource] referenced non-existent resource at: res://generated/grass/chunk_3_4.res.
   at: _printerr (scene/resources/resource_format_text.cpp:41)
   GDScript backtrace (most recent call first):
       [0] _ready (res://regenerate_desert.gd:10)
ERROR: res://levels/Level.tscn:2268 - Parse Error: [ext_resource] referenced non-existent resource at: res://generated/grass/chunk_1_5.res.
   at: _printerr (scene/resources/resource_format_text.cpp:41)
   GDScript backtrace (most recent call first):
       [0] _ready (res://regenerate_desert.gd:10)
ERROR: res://levels/Level.tscn:2276 - Parse Error: [ext_resource] referenced non-existent resource at: res://generated/grass/chunk_2_5.res.
   at: _printerr (scene/resources/resource_format_text.cpp:41)
   GDScript backtrace (most recent call first):
       [0] _ready (res://regenerate_desert.gd:10)
ERROR: res://levels/Level.tscn:2284 - Parse Error: [ext_resource] referenced non-existent resource at: res://generated/grass/chunk_3_5.res.
   at: _printerr (scene/resources/resource_format_text.cpp:41)
   GDScript backtrace (most recent call first):
       [0] _ready (res://regenerate_desert.gd:10)
ERROR: res://levels/Level.tscn:2332 - Parse Error: [ext_resource] referenced non-existent resource at: res://generated/grass/chunk_1_6.res.
   at: _printerr (scene/resources/resource_format_text.cpp:41)
   GDScript backtrace (most recent call first):
       [0] _ready (res://regenerate_desert.gd:10)
ERROR: res://levels/Level.tscn:2340 - Parse Error: [ext_resource] referenced non-existent resource at: res://generated/grass/chunk_2_6.res.
   at: _printerr (scene/resources/resource_format_text.cpp:41)
   GDScript backtrace (most recent call first):
       [0] _ready (res://regenerate_desert.gd:10)
ERROR: res://levels/Level.tscn:2348 - Parse Error: [ext_resource] referenced non-existent resource at: res://generated/grass/chunk_3_6.res.
   at: _printerr (scene/resources/resource_format_text.cpp:41)
   GDScript backtrace (most recent call first):
       [0] _ready (res://regenerate_desert.gd:10)
ERROR: res://levels/Level.tscn:2396 - Parse Error: [ext_resource] referenced non-existent resource at: res://generated/grass/chunk_2_7.res.
   at: _printerr (scene/resources/resource_format_text.cpp:41)
   GDScript backtrace (most recent call first):
       [0] _ready (res://regenerate_desert.gd:10)
ERROR: res://levels/Level.tscn:2404 - Parse Error: [ext_resource] referenced non-existent resource at: res://generated/grass/chunk_3_7.res.
   at: _printerr (scene/resources/resource_format_text.cpp:41)
   GDScript backtrace (most recent call first):
       [0] _ready (res://regenerate_desert.gd:10)
ERROR: res://levels/Level.tscn:2444 - Parse Error: [ext_resource] referenced non-existent resource at: res://generated/grass/chunk_3_8.res.
   at: _printerr (scene/resources/resource_format_text.cpp:41)
   GDScript backtrace (most recent call first):
       [0] _ready (res://regenerate_desert.gd:10)
Instantiated Level.tscn
Regenerating desert terrain from existing custom curve...
