Godot Engine v4.7.1.stable.official.a13da4feb - https://godotengine.org

Starting regeneration for all levels (preserving custom curves)...
WARNING: res://PlayerCart.tscn:6 - ext_resource, invalid UID: uid://dq2xlrtwb6vl0 - using text path instead: res://sounds/774270__thelittlecrow__rocket-launch-boost-and-burning-version-b.wav
   at: load (scene/resources/resource_format_text.cpp:501)
   GDScript backtrace (most recent call first):
       [0] _ready (res://regenerate_both.gd:11)
WARNING: res://PlayerCart.tscn:7 - ext_resource, invalid UID: uid://th125s4xka82 - using text path instead: res://sounds/434430__v-ktor__explosion05.wav
   at: load (scene/resources/resource_format_text.cpp:501)
   GDScript backtrace (most recent call first):
       [0] _ready (res://regenerate_both.gd:11)
WARNING: res://PlayerCart.tscn:9 - ext_resource, invalid UID: uid://dt04vn4rjr6in - using text path instead: res://sounds/467882__samsterbirdies__beep-warning.ogg
   at: load (scene/resources/resource_format_text.cpp:501)
   GDScript backtrace (most recent call first):
       [0] _ready (res://regenerate_both.gd:11)
WARNING: res://CheckpointGate.tscn:4 - ext_resource, invalid UID: uid://en1x37rpwtgb - using text path instead: res://models/checkpoint_gate.glb
   at: load (scene/resources/resource_format_text.cpp:501)
   GDScript backtrace (most recent call first):
       [0] _ready (res://regenerate_both.gd:11)
Instantiated Level.tscn successfully
Regenerating default terrain from existing custom curve...
